// Jest Snapshot v1, https://goo.gl/fbAQLP

exports[`IntroPage Component captures snapshot 1`] = `
<div
  className="bg-purple vertical-center"
>
  <div
    className="container-fluid pad-0"
  >
    <div
      className="slick-slider size-100 slick-initialized"
      dir="ltr"
    >
      <div
        className="slick-list"
        onClick={[Function]}
        onKeyDown={[Function]}
        onMouseDown={[Function]}
        onMouseLeave={null}
        onMouseMove={null}
        onMouseUp={[Function]}
        onTouchCancel={null}
        onTouchEnd={[Function]}
        onTouchMove={null}
        onTouchStart={[Function]}
        style={Object {}}
      >
        <div
          className="slick-track"
          onMouseEnter={[Function]}
          onMouseLeave={[Function]}
          onMouseOver={[Function]}
          style={
            Object {
              "WebkitTransform": "translate3d(0px, 0px, 0px)",
              "WebkitTransition": "",
              "msTransform": "translateX(0px)",
              "opacity": 1,
              "transform": "translate3d(0px, 0px, 0px)",
              "transition": "",
            }
          }
        >
          <div
            aria-hidden={false}
            className="slick-slide slick-active slick-current"
            data-index={0}
            onClick={[Function]}
            style={
              Object {
                "outline": "none",
                "width": 0,
              }
            }
            tabIndex="-1"
          >
            <div>
              <div
                style={
                  Object {
                    "display": "inline-block",
                    "width": "100%",
                  }
                }
                tabIndex={-1}
              >
                <img
                  alt="slideOne"
                  className="img-fluid d-block mx-auto size-100"
                  src="Intro_0.png"
                />
              </div>
            </div>
          </div>
          <div
            aria-hidden={true}
            className="slick-slide"
            data-index={1}
            onClick={[Function]}
            style={
              Object {
                "outline": "none",
                "width": 0,
              }
            }
            tabIndex="-1"
          >
            <div>
              <div
                style={
                  Object {
                    "display": "inline-block",
                    "width": "100%",
                  }
                }
                tabIndex={-1}
              >
                <img
                  alt="slideTwo"
                  className="img-fluid d-block mx-auto size-100"
                  src="Intro_1.png"
                />
              </div>
            </div>
          </div>
          <div
            aria-hidden={true}
            className="slick-slide"
            data-index={2}
            onClick={[Function]}
            style={
              Object {
                "outline": "none",
                "width": 0,
              }
            }
            tabIndex="-1"
          >
            <div>
              <div
                style={
                  Object {
                    "display": "inline-block",
                    "width": "100%",
                  }
                }
                tabIndex={-1}
              >
                <img
                  alt="slideThree"
                  className="img-fluid d-block mx-auto size-100"
                  src="Intro_2.png"
                />
              </div>
            </div>
          </div>
          <div
            aria-hidden={true}
            className="slick-slide"
            data-index={3}
            onClick={[Function]}
            style={
              Object {
                "outline": "none",
                "width": 0,
              }
            }
            tabIndex="-1"
          >
            <div>
              <div
                style={
                  Object {
                    "display": "inline-block",
                    "width": "100%",
                  }
                }
                tabIndex={-1}
              >
                <img
                  alt="slideFour"
                  className="img-fluid d-block mx-auto size-100"
                  src="Intro_3.png"
                />
              </div>
            </div>
          </div>
          <div
            aria-hidden={true}
            className="slick-slide"
            data-index={4}
            onClick={[Function]}
            style={
              Object {
                "outline": "none",
                "width": 0,
              }
            }
            tabIndex="-1"
          >
            <div>
              <div
                style={
                  Object {
                    "display": "inline-block",
                    "width": "100%",
                  }
                }
                tabIndex={-1}
              >
                <img
                  alt="slideFive"
                  className="img-fluid d-block mx-auto size-100"
                  src="Intro_4.png"
                />
              </div>
            </div>
          </div>
          <div
            aria-hidden={true}
            className="slick-slide"
            data-index={5}
            onClick={[Function]}
            style={
              Object {
                "outline": "none",
                "width": 0,
              }
            }
            tabIndex="-1"
          >
            <div>
              <div
                style={
                  Object {
                    "display": "inline-block",
                    "width": "100%",
                  }
                }
                tabIndex={-1}
              >
                <img
                  alt="slideSix"
                  className="img-fluid d-block mx-auto size-100"
                  src="Intro_5.png"
                />
              </div>
            </div>
          </div>
          <div
            aria-hidden={true}
            className="slick-slide"
            data-index={6}
            onClick={[Function]}
            style={
              Object {
                "outline": "none",
                "width": 0,
              }
            }
            tabIndex="-1"
          >
            <div>
              <div
                style={
                  Object {
                    "display": "inline-block",
                    "width": "100%",
                  }
                }
                tabIndex={-1}
              >
                <img
                  alt="slideSeven"
                  className="img-fluid d-block mx-auto size-100"
                  src="Intro_6.png"
                />
              </div>
            </div>
          </div>
          <div
            aria-hidden={true}
            className="slick-slide"
            data-index={7}
            onClick={[Function]}
            style={
              Object {
                "outline": "none",
                "width": 0,
              }
            }
            tabIndex="-1"
          >
            <div>
              <div
                className="txt-center"
                style={
                  Object {
                    "display": "inline-block",
                    "width": "100%",
                  }
                }
                tabIndex={-1}
              >
                <div
                  className="vertical-center bg-purple"
                >
                  <div
                    className="container-fluid"
                  >
                    <div
                      className="row"
                    >
                      <img
                        alt="carpool_logo"
                        className="img-fluid d-block mx-auto mbottom-2rem"
                        id="logo-256"
                        src="logo.png"
                      />
                    </div>
                    <p
                      className="txt-center txt-white mx-auto"
                    >
                      Now that you now how the Carpool Platform works, all you need to do is log into your account to get started!
                    </p>
                    <div
                      className="row"
                    >
                      <a
                        className="btn btn-primary mx-auto width-15rem brad-2rem bg-aqua txt-purple fw-bold"
                        href="/Login"
                        id="btnLoginPage"
                        onClick={[Function]}
                      >
                        Proceed to Login
                      </a>
                    </div>
                  </div>
                </div>
              </div>
            </div>
          </div>
        </div>
      </div>
    </div>
  </div>
</div>
`;
