// Jest Snapshot v1, https://goo.gl/fbAQLP

exports[`Landing Page Component captures snapshot 1`] = `
Array [
  <header
    className="MuiPaper-root-18 MuiPaper-elevation4-24 MuiAppBar-root-9 MuiAppBar-positionStatic-13 MuiAppBar-colorPrimary-16 LandingPage-topNav-1"
  >
    <div
      className="MuiToolbar-root-45 MuiToolbar-dense-48 MuiToolbar-gutters-46 LandingPage-toolbar-2"
    >
      <a
        href="/"
        onClick={[Function]}
        style={
          Object {
            "color": "inherit",
            "textDecoration": "none",
          }
        }
      >
        <button
          aria-label="Back"
          className="MuiButtonBase-root-55 MuiIconButton-root-49 MuiIconButton-colorInherit-50"
          disabled={false}
          onBlur={[Function]}
          onFocus={[Function]}
          onKeyDown={[Function]}
          onKeyUp={[Function]}
          onMouseDown={[Function]}
          onMouseLeave={[Function]}
          onMouseUp={[Function]}
          onTouchEnd={[Function]}
          onTouchMove={[Function]}
          onTouchStart={[Function]}
          tabIndex="0"
          type="button"
        >
          <span
            className="MuiIconButton-label-54"
          >
            <svg
              aria-hidden="true"
              className="MuiSvgIcon-root-58"
              color={undefined}
              focusable="false"
              role="presentation"
              viewBox="0 0 24 24"
            >
              <path
                d="M0 0h24v24H0z"
                fill="none"
              />
              <path
                d="M20 11H7.83l5.59-5.59L12 4l-8 8 8 8 1.41-1.41L7.83 13H20v-2z"
              />
            </svg>
          </span>
          <span
            className="MuiTouchRipple-root-67"
          />
        </button>
      </a>
      <h2
        className="MuiTypography-root-74 MuiTypography-title-80 MuiTypography-colorInherit-94 LandingPage-grow-8"
      >
        The Iminsys Carpool Platform
      </h2>
    </div>
  </header>,
  <main
    className="LandingPage-layout-3"
  >
    <div
      className="MuiPaper-root-18 MuiPaper-elevation2-22 MuiPaper-rounded-19 LandingPage-paper-4"
    >
      <div
        align="center"
        className="MuiAvatar-root-100 LandingPage-avatar-5"
      >
        <img
          alt={undefined}
          className="MuiAvatar-img-102"
          sizes={undefined}
          src="logo.png"
          srcSet={undefined}
        />
      </div>
      <h1
        className="MuiTypography-root-74 MuiTypography-headline-79 MuiTypography-alignCenter-88"
      >
        Welcome to the Platform!
      </h1>
      <form
        className="LandingPage-form-6"
      >
        <a
          href="/Register"
          onClick={[Function]}
          style={
            Object {
              "textDecoration": "none",
            }
          }
        >
          <button
            className="MuiButtonBase-root-55 MuiButton-root-103 MuiButton-contained-114 MuiButton-containedPrimary-115 MuiButton-raised-117 MuiButton-raisedPrimary-118 MuiButton-fullWidth-128 LandingPage-submit-7"
            disabled={false}
            onBlur={[Function]}
            onFocus={[Function]}
            onKeyDown={[Function]}
            onKeyUp={[Function]}
            onMouseDown={[Function]}
            onMouseLeave={[Function]}
            onMouseUp={[Function]}
            onTouchEnd={[Function]}
            onTouchMove={[Function]}
            onTouchStart={[Function]}
            tabIndex="0"
            type="submit"
          >
            <span
              className="MuiButton-label-104"
            >
              Register
            </span>
            <span
              className="MuiTouchRipple-root-67"
            />
          </button>
        </a>
        <a
          href="/Login"
          onClick={[Function]}
          style={
            Object {
              "textDecoration": "none",
            }
          }
        >
          <button
            className="MuiButtonBase-root-55 MuiButton-root-103 MuiButton-contained-114 MuiButton-containedPrimary-115 MuiButton-raised-117 MuiButton-raisedPrimary-118 MuiButton-fullWidth-128 LandingPage-submit-7"
            disabled={false}
            onBlur={[Function]}
            onFocus={[Function]}
            onKeyDown={[Function]}
            onKeyUp={[Function]}
            onMouseDown={[Function]}
            onMouseLeave={[Function]}
            onMouseUp={[Function]}
            onTouchEnd={[Function]}
            onTouchMove={[Function]}
            onTouchStart={[Function]}
            style={
              Object {
                "marginBottom": 15,
              }
            }
            tabIndex="0"
            type="submit"
          >
            <span
              className="MuiButton-label-104"
            >
              Login
            </span>
            <span
              className="MuiTouchRipple-root-67"
            />
          </button>
        </a>
        <div>
          <span
            className="MuiTypography-root-74 MuiTypography-caption-84 MuiTypography-colorPrimary-95 MuiTypography-alignCenter-88"
            onClick={[Function]}
          >
            Terms of Service
          </span>
        </div>
      </form>
    </div>
  </main>,
]
`;
