// Jest Snapshot v1, https://goo.gl/fbAQLP

exports[`Register Component captures snapshot 1`] = `
<div
  className="vertical-center bg-purple"
>
  <div
    className="container-fluid"
  >
    <div
      className="row"
    >
      <img
        alt="carpool_logo"
        className="img-fluid d-block mx-auto mbottom-1rem"
        id="logo-256"
        src="logo.png"
      />
    </div>
    <form>
      <div
        className="row"
      >
        <input
          className=" form-control mx-auto width-15rem brad-2rem mbottom-1rem"
          id="inputFirstName"
          onBlur={[Function]}
          onChange={[Function]}
          placeholder="First Name"
          type="text"
          value=""
        />
      </div>
      <div
        className="row"
      >
        <input
          className=" form-control mx-auto width-15rem brad-2rem mbottom-1rem"
          id="inputLastName"
          onBlur={[Function]}
          onChange={[Function]}
          placeholder="Last Name"
          type="text"
          value=""
        />
      </div>
      <div
        className="row"
      >
        <input
          className=" form-control mx-auto width-15rem brad-2rem mbottom-1rem"
          id="inputID"
          onBlur={[Function]}
          onChange={[Function]}
          placeholder="ID Number"
          type="text"
          value=""
        />
      </div>
      <div
        className="row"
      >
        <input
          className=" form-control mx-auto width-15rem brad-2rem mbottom-1rem"
          id="inputEmail"
          onBlur={[Function]}
          onChange={[Function]}
          placeholder="Email"
          type="email"
          value=""
        />
      </div>
      <div
        className="row"
      >
        <input
          className=" form-control mx-auto width-15rem brad-2rem mbottom-1rem"
          id="inputPassword"
          onBlur={[Function]}
          onChange={[Function]}
          placeholder="Password"
          type="password"
          value=""
        />
      </div>
      <div
        className="row"
      >
        <input
          className=" form-control mx-auto width-15rem brad-2rem mbottom-1rem"
          id="inputConfirmPassword"
          onBlur={[Function]}
          onChange={[Function]}
          placeholder="Confirm Password"
          type="password"
          value=""
        />
      </div>
      <div
        className="row"
      >
        <button
          className="btn btn-primary mx-auto width-15rem brad-2rem mbottom-1rem bg-aqua txt-purple fw-bold"
          disabled={true}
          onClick={[Function]}
          type="submit"
        >
          Register
        </button>
      </div>
    </form>
  </div>
</div>
`;
