// Jest Snapshot v1, https://goo.gl/fbAQLP

exports[`Routes Component captures snapshot 1`] = `
<div
  className="scroll-vert"
>
  <div
    className="container-fluid bg-purple bordbot-2px-white"
  >
    <a
      href="/HomePage/RouteMatches/123"
      onClick={[Function]}
    >
      <div
        className="row txt-white padver-10px"
      >
        <div
          className="col-9"
        >
          <div
            className="col-12"
          >
            <h5>
              TestRoute
            </h5>
          </div>
          <div
            className="col-12"
          >
            Mon Tue Wed Thu Fri
          </div>
        </div>
        <div
          className="col-3 vertical-right"
        >
          <div
            className="col-12"
          >
            <h5>
              <i
                className="fa fa-chevron-circle-right"
              />
            </h5>
          </div>
          <div
            className="col-12"
          >
            00:00
          </div>
        </div>
      </div>
    </a>
  </div>
  <div
    className="container-fluid bg-purple bordbot-2px-white"
  >
    <a
      href="/HomePage/RouteMatches/123"
      onClick={[Function]}
    >
      <div
        className="row txt-white padver-10px"
      >
        <div
          className="col-9"
        >
          <div
            className="col-12"
          >
            <h5>
              TestRoute
            </h5>
          </div>
          <div
            className="col-12"
          >
            Mon Tue Wed Thu Fri
          </div>
        </div>
        <div
          className="col-3 vertical-right"
        >
          <div
            className="col-12"
          >
            <h5>
              <i
                className="fa fa-chevron-circle-right"
              />
            </h5>
          </div>
          <div
            className="col-12"
          >
            00:00
          </div>
        </div>
      </div>
    </a>
  </div>
</div>
`;
